[Bootstrap]
SetupTitle=Install
SetupText=Copying Files, please stand by.
CabFile=Quiz Game.CAB
Spawn=Setup1.exe
Uninstal=st6unst.exe
TmpDir=msftqws.pdw
Cabs=1

[Bootstrap Files]
File1=@VB6STKIT.DLL,$(WinSysPathSysFile),,,1/10/03 1:55:26 PM,101888,6.0.84.50
File2=@COMCAT.DLL,$(WinSysPathSysFile),$(DLLSelfRegister),,5/31/98 12:00:00 AM,22288,4.71.1460.1
File3=@MSVCRT40.DLL,$(WinSysPathSysFile),,,5/31/98 12:00:00 AM,326656,4.21.0.0
File4=@stdole2.tlb,$(WinSysPathSysFile),$(TLBRegister),,8/23/01 10:00:00 AM,17920,3.50.5014.0
File5=@asycfilt.dll,$(WinSysPathSysFile),,,8/23/01 10:00:00 AM,77824,3.50.5014.0
File6=@olepro32.dll,$(WinSysPathSysFile),$(DLLSelfRegister),,8/23/01 10:00:00 AM,106496,5.0.5014.0
File7=@oleaut32.dll,$(WinSysPathSysFile),$(DLLSelfRegister),,8/29/02 9:41:10 AM,569344,3.50.5016.0
File8=@MSVBVM60.DLL,$(WinSysPathSysFile),$(DLLSelfRegister),,6/19/03 12:05:04 PM,1385744,6.0.96.90

[IconGroups]
Group0=Quiz Game --------
PrivateGroup0=True
Parent0=$(Programs)

[Quiz Game --------]
Icon1=""Quiz Game.exe""
Title1=Quiz Game --------
StartIn1=$(AppPath)

[Setup]
Title=Quiz Game --------
DefaultDir=$(ProgramFiles)\Project1
AppExe=Quiz Game.exe
AppToUninstall=Quiz Game.exe

[Setup1 Files]
File1=@tink1.wav,$(AppPath),,$(Shared),12/31/99 9:07:50 PM,1830,0.0.0.0
File2=@thump1.wav,$(AppPath),,$(Shared),12/31/99 9:07:50 PM,2203,0.0.0.0
File3=@piano2.wav,$(AppPath),,$(Shared),12/31/99 9:07:50 PM,12203,0.0.0.0
File4=@game.mdb,$(AppPath),,$(Shared),5/8/07 9:59:47 PM,86016,0.0.0.0
File5=@daVinci SysExit.wav,$(AppPath),,$(Shared),8/4/01 2:21:18 AM,627852,0.0.0.0
File6=@daVinci Close.wav,$(AppPath),,$(Shared),8/4/01 2:21:16 AM,106212,0.0.0.0
File7=@beep2.wav,$(AppPath),,$(Shared),12/31/99 9:07:50 PM,6245,0.0.0.0
File8=@beam1.wav,$(AppPath),,$(Shared),12/31/99 9:07:50 PM,2921,0.0.0.0
File9=@Aquarium Recycle.wav,$(AppPath),,$(Shared),8/4/01 2:21:16 AM,207404,0.0.0.0
File10=@02.WAV,$(AppPath),,$(Shared),3/8/07 5:05:50 PM,1225772,0.0.0.0
File11=@NOTEPAD.EXE,$(AppPath),,$(Shared),8/23/01 10:00:00 AM,66048,5.1.2600.0
File12=@MSXBSE35.DLL,$(WinSysPathSysFile),$(DLLSelfRegister),,4/24/98 12:00:00 AM,287504,3.51.623.0
File13=@MSTEXT35.DLL,$(WinSysPathSysFile),$(DLLSelfRegister),,4/24/98 12:00:00 AM,165648,3.51.623.0
File14=@MSPDOX35.DLL,$(WinSysPathSysFile),$(DLLSelfRegister),,4/24/98 12:00:00 AM,250128,3.51.623.0
File15=@MDAC_TYP.EXE,$(AppPath),,$(Shared),6/26/98 12:00:00 AM,8124720,4.71.1015.0
File16=@RDOCURS.DLL,$(WinSysPath),,$(Shared),4/3/00 5:52:54 PM,151552,6.0.88.4
File17=@MSRDO20.DLL,$(WinSysPath),$(DLLSelfRegister),$(Shared),5/11/00 1:06:20 PM,397312,6.0.88.62
File18=@MSLTUS35.DLL,$(WinSysPathSysFile),$(DLLSelfRegister),,4/24/98 12:00:00 AM,166160,3.51.623.0
File19=@MSEXCH35.DLL,$(WinSysPath),$(DLLSelfRegister),$(Shared),4/24/98 12:00:00 AM,330000,3.51.623.0
File20=@MSEXCL35.DLL,$(WinSysPathSysFile),$(DLLSelfRegister),,4/24/98 12:00:00 AM,250128,3.51.623.2
File21=@MSCOMM32.OCX,$(WinSysPath),$(DLLSelfRegister),$(Shared),6/24/98 12:00:00 AM,103744,6.0.81.69
File22=@mscomctl.ocx,$(WinSysPath),$(DLLSelfRegister),$(Shared),5/22/00 4:58:10 PM,1066176,6.0.88.62
File23=@VB5DB.DLL,$(WinSysPath),,$(Shared),6/18/98 12:00:00 AM,89360,6.0.81.69
File24=@MSREPL35.DLL,$(WinSysPathSysFile),,,4/24/98 12:00:00 AM,407312,3.51.623.0
File25=@MSRD2X35.DLL,$(WinSysPathSysFile),$(DLLSelfRegister),,4/24/98 12:00:00 AM,252176,3.51.623.0
File26=@expsrv.dll,$(WinSysPathSysFile),,,8/29/02 9:40:54 AM,380445,6.0.72.9414
File27=@vbajet32.dll,$(WinSysPathSysFile),,,8/23/01 10:00:00 AM,30992,6.0.1.8268
File28=@MSJINT35.DLL,$(WinSysPathSysFile),,,4/24/98 12:00:00 AM,123664,3.51.623.0
File29=@MSJTER35.DLL,$(WinSysPathSysFile),,,4/24/98 12:00:00 AM,24848,3.51.623.0
File30=@MSJET35.DLL,$(WinSysPathSysFile),$(DLLSelfRegister),,4/24/98 12:00:00 AM,1045776,3.51.623.4
File31=@DAO350.DLL,$(MSDAOPath),$(DLLSelfRegister),$(Shared),4/27/98 12:00:00 AM,570128,3.51.1608.0
File32=@DAO2535.TLB,$(MSDAOPath),$(TLBRegister),$(Shared),5/15/98 12:00:00 AM,73184,0.0.0.0
File33=@Quiz Game.exe,$(AppPath),,$(Shared),5/10/07 1:44:42 PM,3215360,1.0.0.0

; The following lines may be deleted in order to obtain extra 
; space for customizing this file on a full installation diskette.
; 
; XXXXXXXXXXXXXXXXXXXXXXXXXXXXXXXXXXXXXXXXXXXXXXXXXXXXXXXXXXXX
; XXXXXXXXXXXXXXXXXXXXXXXXXXXXXXXXXXXXXXXXXXXXXXXXXXXXXXXXXXXX
; XXXXXXXXXXXXXXXXXXXXXXXXXXXXXXXXXXXXXXXXXXXXXXXXXXXXXXXXXXXX
; XXXXXXXXXXXXXXXXXXXXXXXXXXXXXXXXXXXXXXXXXXXXXXXXXXXXXXXXXXXX
; XXXXXXXXXXXXXXXXXXXXXXXXXXXXXXXXXXXXXXXXXXXXXXXXXXXXXXXXXXXX
; XXXXXXXXXXXXXXXXXXXXXXXXXXXXXXXXXXXXXXXXXXXXXXXXXXXXXXXXXXXX
; XXXXXXXXXXXXXXXXXXXXXXXXXXXXXXXXXXXXXXXXXXXXXXXXXXXXXXXXXXXX
; XXXXXXXXXXXXXXXXXXXXXXXXXXXXXXXXXXXXXXXXXXXXXXXXXXXXXXXXXXXX
; XXXXXXXXXXXXXXXXXXXXXXXXXXXXXXXXXXXXXXXXXXXXXXXXXXXXXXXXXXXX
; XXXXXXXXXXXXXXXXXXXXXXXXXXXXXXXXXXXXXXXXXXXXXXXXXXXXXXXXXXXX
; XXXXXXXXXXXXXXXXXXXXXXXXXXXXXXXXXXXXXXXXXXXXXXXXXXXXXXXXXXXX
; XXXXXXXXXXXXXXXXXXXXXXXXXXXXXXXXXXXXXXXXXXXXXXXXXXXXXXXXXXXX
; XXXXXXXXXXXXXXXXXXXXXXXXXXXXXXXXXXXXXXXXXXXXXXXXXXXXXXXXXXXX
; XXXXXXXXXXXXXXXXXXXXXXXXXXXXXXXXXXXXXXXXXXXXXXXXXXXXXXXXXXXX
; XXXXXXXXXXXXXXXXXXXXXXXXXXXXXXXXXXXXXXXXXXXXXXXXXXXXXXXXXXXX
; XXXXXXXXXXXXXXXXXXXXXXXXXXXXXXXXXXXXXXXXXXXXXXXXXXXXXXXXXXXX
; XXXXXXXXXXXXXXXXXXXXXXXXXXXXXXXXXXXXXXXXXXXXXXXXXXXXXXXXXXXX
; XXXXXXXXXXXXXXXXXXXXXXXXXXXXXXXXXXXXXXXXXXXXXXXXXXXXXXXXXXXX
; XXXXXXXXXXXXXXXXXXXXXXXXXXXXXXXXXXXXXXXXXXXXXXXXXXXXXXXXXXXX
; XXXXXXXXXXXXXXXXXXXXXXXXXXXXXXXXXXXXXXXXXXXXXXXXXXXXXXXXXXXX
; XXXXXXXXXXXXXXXXXXXXXXXXXXXXXXXXXXXXXXXXXXXXXXXXXXXXXXXXXXXX
; XXXXXXXXXXXXXXXXXXXXXXXXXXXXXXXXXXXXXXXXXXXXXXXXXXXXXXXXXXXX
; XXXXXXXXXXXXXXXXXXXXXXXXXXXXXXXXXXXXXXXXXXXXXXXXXXXXXXXXXXXX
; XXXXXXXXXXXXXXXXXXXXXXXXXXXXXXXXXXXXXXXXXXXXXXXXXXXXXXXXXXXX
; XXXXXXXXXXXXXXXXXXXXXXXXXXXXXXXXXXXXXXXXXXXXXXXXXXXXXXXXXXXX
; XXXXXXXXXXXXXXXXXXXXXXXXXXXXXXXXXXXXXXXXXXXXXXXXXXXXXXXXXXXX
; XXXXXXXXXXXXXXXXXXXXXXXXXXXXXXXXXXXXXXXXXXXXXXXXXXXXXXXXXXXX
; XXXXXXXXXXXXXXXXXXXXXXXXXXXXXXXXXXXXXXXXXXXXXXXXXXXXXXXXXXXX
; XXXXXXXXXXXXXXXXXXXXXXXXXXXXXXXXXXXXXXXXXXXXXXXXXXXXXXXXXXXX
; XXXXXXXXXXXXXXXXXXXXXXXXXXXXXXXXXXXXXXXXXXXXXXXXXXXXXXXXXXXX
; XXXXXXXXXXXXXXXXXXXXXXXXXXXXXXXXXXXXXXXXXXXXXXXXXXXXXXXXXXXX
; XXXXXXXXXXXXXXXXXXXXXXXXXXXXXXXXXXXXXXXXXXXXXXXXXXXXXXXXXXXX
; XXXXXXXXXXXXXXXXXXXXXXXXXXXXXXXXXXXXXXXXXXXXXXXXXXXXXXXXXXXX
; XXXXXXXXXXXXXXXXXXXXXXXXXXXXXXXXXXXXXXXXXXXXXXXXXXXXXXXXXXXX
; XXXXXXXXXXXXXXXXXXXXXXXXXXXXXXXXXXXXXXXXXXXXXXXXXXXXXXXXXXXX
